[17:42:38] RUN open-params-smoke-01  parts=A,B A_EP=1 B_MIN=1 B_MAXEP=1 total=915s commit=1d344b2
[17:42:38] loadavg1=0.00 < 0.3
scripts/open-params-run.sh: line 53: /sys/fs/cgroup/user.slice/user-1000.slice/user@1000.service/revixlab.slice/memory.events: No such file or directory
[17:42:38] marker pre
label=pre
wall_utc=2026-10-03T17:42:38.510Z
boot_id=4ea15279-acba-44ff-a533-6d7cd11924e5
uptime=3742.12
pid1_starttime_ticks=156737
loadavg=0.00 0.00 0.06 1/221 16393
mem_available_kb=9596620
swap_free_kb=4194304
vmstat_oom_kill=0
lab_swap_current=NA
lab_memory_events=NA
revix_units=
failed_units=
interference=
lock_holder=open-params 2026-10-03T17:42:32Z
journal_oom_hits=0
[17:42:38] preflight: {"clean": true, "problems": [], "units": [], "cgroups": [], "stale_drop_ins": [], "unit_patterns": ["revix-*"], "slices": ["revixlab.slice", "revixmon.slice"], "mono_us": 3742542675}
doctor leftover_state: PASS | qoldiq yo'q (unit ham, cgroup ham)
CPUQuotaPerSecUSec=4s
MemoryHigh=201326592
MemoryMax=2147483648
MemorySwapMax=0
TasksMax=256
kernel: memory.max=2147483648 memory.high=201326592 memory.swap.max=0 pids.max=256 cpu.max=400000 100000
cc -O2 -Wall -Wextra -Werror -std=c11 -pthread  -o sut sut.c
make: Leaving directory '/home/snowden/openparams-work/revix'
-rwxr-xr-x 1 snowden snowden 28328 Oct  3 22:42 /home/snowden/openparams-work/revix/sut
cc (Debian 14.3.0-5) 14.3.0
[17:42:40] guard FAOL (is-active + guard_start yozuvi)
[17:42:41] sampler FAOL
[17:42:41] controller boshlandi
[17:46:19] controller tugadi rc=0
Finished with result: success
Main processes terminated with: code=exited, status=0/SUCCESS
Service runtime: 3min 38.171s
CPU time consumed: 23.792s
Memory peak: 21M (swap: 0B)
{"record_type": "controller_end", "run_id": "open-params-smoke-01", "mono_us": 3962787166, "real_us": 1791049579175879, "status": "ok", "poll_samples": 4360, "poll_max_interval_us": 51401, "poll_errors": 0}
[17:46:19] guard to'xtadi; trip fayli: YO'Q
guard_event yozuvlari: 0
{"schema_version":1,"record_type":"guard_stop","stream":"guard_stop","run_id":"open-params-smoke-01","session_id":"open-params","boot_id":"4ea15279-acba-44ff-a533-6d7cd11924e5","trial_id":null,"block_index":null,"seq":1,"mono_us":3962954856,"real_us":1791049579343570,"emitter":"guard:16470","tripped":false,"iterations":2193,"elapsed_s":219.30013392399997,"trip_summary":[]}
[17:46:19] marker post
label=post
wall_utc=2026-10-03T17:46:19.377Z
boot_id=4ea15279-acba-44ff-a533-6d7cd11924e5
uptime=3962.99
pid1_starttime_ticks=156737
loadavg=0.16 0.12 0.10 1/223 16551
mem_available_kb=9603364
swap_free_kb=4194304
vmstat_oom_kill=0
lab_swap_current=0
lab_memory_events=low 0 high 14948 max 0 oom 0 oom_kill 0 oom_group_kill 0 
revix_units=revixlab.slice loaded active active Slice /revixlab;revixmon.slice loaded active active Slice /revixmon;
failed_units=
interference=
lock_holder=open-params 2026-10-03T17:42:32Z
journal_oom_hits=0
[17:46:19] post-flight (teardown'dan OLDIN): oom_kill=0 lab_swap_current=0
teardown: {"mono_us_begin": 3963114400, "killed": [{"cgroup": "/sys/fs/cgroup/user.slice/user-1000.slice/user@1000.service/revixlab.slice", "ok": true}, {"cgroup": "/sys/fs/cgroup/user.slice/user-1000.slice/user@1000.service/revixmon.slice", "ok": true}], "stopped": ["revixlab.slice", "revixmon.slice"], "reset": [], "removed_drop_ins": [], "errors": [], "mono_us_end": 3963161920}
removed: ["/run/user/1000//systemd/user.control/revixlab.slice.d", "/run/user/1000//systemd/user.control/revixmon.slice.d"]
[17:46:19] preflight (keyin): {"clean": true, "problems": [], "units": [], "cgroups": [], "stale_drop_ins": [], "unit_patterns": ["revix-*"], "slices": ["revixlab.slice", "revixmon.slice"], "mono_us": 3963447178}
doctor leftover_state: PASS | qoldiq yo'q (unit ham, cgroup ham)
[17:46:20] boot_id va pid1_starttime O'ZGARMADI
[17:46:20] vmstat oom_kill O'ZGARMADI
